projects/amazon-trend-analyzer/qb_chunks/page_441_skip441000.csv
ASIN Buyability Flag,asin_status,CVR%,revenue,asp,units,gv,Images #,Videos #,Has A+ Content,Buybox Winner,Average Rating,Number of Ratings,bb_price,Ad CTR%,Ad CVR%,bsr,brand,Ad CPC$,ASIN (Description),Update Type,Sold By Amazon,Has Coupon?,Has Store Link?,In Stock Today?,category,Sellable On Hand Units,asin,date,Ad Cost,Ad Sales,Ad Clicks,Ad Impressions,Ad Conversions
In Stock,ACTIVE,0.133,66.0,5.99,11.0,83.0,5.0,0.0,True,,4.7,140.0,5.99,,,122.0,Glad for Kids (Disney),,"B0BZWHXJ6P (G4K Disney - 12oz Paper Bowls, 40ct - Frozen MIXED PACK)",[],True,False,True,True,Disposable Tabletop,180.0,B0BZWHXJ6P,2026-03-03,,,,,
In Stock,ACTIVE,0.212,146.0,6.07,24.0,113.0,5.0,0.0,True,,4.7,140.0,5.99,,,109.0,Glad for Kids (Disney),,"B0BZWHXJ6P (G4K Disney - 12oz Paper Bowls, 40ct - Frozen MIXED PACK)",[],True,False,True,True,Disposable Tabletop,224.0,B0BZWHXJ6P,2026-03-02,,,,,
In Stock,ACTIVE,0.141,72.0,5.99,12.0,85.0,5.0,0.0,True,,4.7,140.0,5.99,,,119.0,Glad for Kids (Disney),,"B0BZWHXJ6P (G4K Disney - 12oz Paper Bowls, 40ct - Frozen MIXED PACK)",[],True,False,True,True,Disposable Tabletop,218.0,B0BZWHXJ6P,2026-03-01,,,,,
In Stock,ACTIVE,0.217,108.0,5.99,18.0,83.0,5.0,0.0,True,,4.7,138.0,5.99,,,112.0,Glad for Kids (Disney),,"B0BZWHXJ6P (G4K Disney - 12oz Paper Bowls, 40ct - Frozen MIXED PACK)",[],True,False,True,True,Disposable Tabletop,147.0,B0BZWHXJ6P,2026-02-28,,,,,
In Stock,ACTIVE,0.267,97.0,6.07,16.0,60.0,5.0,0.0,True,,4.7,138.0,5.99,,,118.0,Glad for Kids (Disney),,"B0BZWHXJ6P (G4K Disney - 12oz Paper Bowls, 40ct - Frozen MIXED PACK)",[],True,False,True,True,Disposable Tabletop,158.0,B0BZWHXJ6P,2026-02-27,,,,,
In Stock,ACTIVE,0.265,132.0,5.99,22.0,83.0,5.0,0.0,True,,4.7,138.0,5.99,,,105.0,Glad for Kids (Disney),,"B0BZWHXJ6P (G4K Disney - 12oz Paper Bowls, 40ct - Frozen MIXED PACK)",[],True,False,True,True,Disposable Tabletop,119.0,B0BZWHXJ6P,2026-02-26,,,,,
In Stock,ACTIVE,0.224,102.0,5.99,17.0,76.0,5.0,0.0,True,,4.7,138.0,5.99,,,101.0,Glad for Kids (Disney),,"B0BZWHXJ6P (G4K Disney - 12oz Paper Bowls, 40ct - Frozen MIXED PACK)",[],True,False,True,True,Disposable Tabletop,139.0,B0BZWHXJ6P,2026-02-25,,,,,
In Stock,ACTIVE,0.259,128.0,6.11,21.0,81.0,5.0,0.0,True,,4.7,138.0,5.99,,,98.0,Glad for Kids (Disney),,"B0BZWHXJ6P (G4K Disney - 12oz Paper Bowls, 40ct - Frozen MIXED PACK)",[],True,False,True,True,Disposable Tabletop,158.0,B0BZWHXJ6P,2026-02-24,,,,,
In Stock,ACTIVE,0.264,144.0,5.99,24.0,91.0,5.0,0.0,True,,4.7,138.0,5.99,,,120.0,Glad for Kids (Disney),,"B0BZWHXJ6P (G4K Disney - 12oz Paper Bowls, 40ct - Frozen MIXED PACK)",[],True,False,True,True,Disposable Tabletop,231.0,B0BZWHXJ6P,2026-02-23,,,,,
In Stock,ACTIVE,0.26,193.0,6.03,32.0,123.0,5.0,0.0,True,,4.7,138.0,5.99,,,122.0,Glad for Kids (Disney),,"B0BZWHXJ6P (G4K Disney - 12oz Paper Bowls, 40ct - Frozen MIXED PACK)",[],True,False,True,True,Disposable Tabletop,186.0,B0BZWHXJ6P,2026-02-22,,,,,
In Stock,ACTIVE,0.182,97.0,6.07,16.0,88.0,5.0,0.0,True,,4.7,138.0,5.99,,,132.0,Glad for Kids (Disney),,"B0BZWHXJ6P (G4K Disney - 12oz Paper Bowls, 40ct - Frozen MIXED PACK)",[],True,False,True,True,Disposable Tabletop,154.0,B0BZWHXJ6P,2026-02-21,,,,,
In Stock,ACTIVE,0.195,96.0,6.02,16.0,82.0,5.0,0.0,True,,4.8,136.0,5.99,,,135.0,Glad for Kids (Disney),,"B0BZWHXJ6P (G4K Disney - 12oz Paper Bowls, 40ct - Frozen MIXED PACK)",[],True,False,True,True,Disposable Tabletop,157.0,B0BZWHXJ6P,2026-02-20,,,,,
In Stock,ACTIVE,0.23,102.0,5.99,17.0,74.0,5.0,0.0,True,,4.8,136.0,5.99,,,134.0,Glad for Kids (Disney),,"B0BZWHXJ6P (G4K Disney - 12oz Paper Bowls, 40ct - Frozen MIXED PACK)",[],True,False,True,True,Disposable Tabletop,152.0,B0BZWHXJ6P,2026-02-19,,,,,
In Stock,ACTIVE,0.195,96.0,5.99,16.0,82.0,5.0,0.0,True,,4.8,136.0,5.99,,,130.0,Glad for Kids (Disney),,"B0BZWHXJ6P (G4K Disney - 12oz Paper Bowls, 40ct - Frozen MIXED PACK)",[],True,False,True,True,Disposable Tabletop,171.0,B0BZWHXJ6P,2026-02-18,,,,,
In Stock,ACTIVE,0.173,102.0,5.99,17.0,98.0,5.0,0.0,True,,4.8,136.0,5.99,,,154.0,Glad for Kids (Disney),,"B0BZWHXJ6P (G4K Disney - 12oz Paper Bowls, 40ct - Frozen MIXED PACK)",[],True,False,True,True,Disposable Tabletop,198.0,B0BZWHXJ6P,2026-02-17,,,,,
In Stock,ACTIVE,0.239,126.0,5.99,21.0,88.0,5.0,0.0,True,,4.8,136.0,5.99,,,172.0,Glad for Kids (Disney),,"B0BZWHXJ6P (G4K Disney - 12oz Paper Bowls, 40ct - Frozen MIXED PACK)",[],True,False,True,True,Disposable Tabletop,106.0,B0BZWHXJ6P,2026-02-16,,,,,
In Stock,ACTIVE,0.163,91.0,6.04,15.0,92.0,5.0,0.0,True,,4.8,136.0,5.99,,,172.0,Glad for Kids (Disney),,"B0BZWHXJ6P (G4K Disney - 12oz Paper Bowls, 40ct - Frozen MIXED PACK)",[],True,False,True,True,Disposable Tabletop,112.0,B0BZWHXJ6P,2026-02-15,,,,,
In Stock,ACTIVE,0.153,66.0,5.99,11.0,72.0,5.0,0.0,True,,4.8,135.0,5.99,,,154.0,Glad for Kids (Disney),,"B0BZWHXJ6P (G4K Disney - 12oz Paper Bowls, 40ct - Frozen MIXED PACK)",[],True,False,True,True,Disposable Tabletop,110.0,B0BZWHXJ6P,2026-02-14,,,,,
In Stock,ACTIVE,0.12,54.0,5.99,9.0,75.0,5.0,0.0,True,,4.8,135.0,5.99,,,148.0,Glad for Kids (Disney),,"B0BZWHXJ6P (G4K Disney - 12oz Paper Bowls, 40ct - Frozen MIXED PACK)",[],True,False,True,True,Disposable Tabletop,115.0,B0BZWHXJ6P,2026-02-13,,,,,
In Stock,ACTIVE,0.159,61.0,6.14,10.0,63.0,5.0,0.0,True,,4.8,135.0,5.99,,,137.0,Glad for Kids (Disney),,"B0BZWHXJ6P (G4K Disney - 12oz Paper Bowls, 40ct - Frozen MIXED PACK)",[],True,False,True,True,Disposable Tabletop,147.0,B0BZWHXJ6P,2026-02-12,,,,,
In Stock,ACTIVE,0.164,72.0,5.99,12.0,73.0,5.0,0.0,True,,4.8,135.0,5.99,,,125.0,Glad for Kids (Disney),,"B0BZWHXJ6P (G4K Disney - 12oz Paper Bowls, 40ct - Frozen MIXED PACK)",[],True,False,True,True,Disposable Tabletop,203.0,B0BZWHXJ6P,2026-02-11,,,,,
In Stock,ACTIVE,0.167,78.0,5.99,13.0,78.0,5.0,0.0,True,,4.8,134.0,5.99,,,99.0,Glad for Kids (Disney),,"B0BZWHXJ6P (G4K Disney - 12oz Paper Bowls, 40ct - Frozen MIXED PACK)",[],True,False,True,True,Disposable Tabletop,94.0,B0BZWHXJ6P,2026-02-10,,,,,
In Stock,ACTIVE,0.239,110.0,6.48,17.0,71.0,5.0,0.0,True,,4.8,134.0,5.99,,,144.0,Glad for Kids (Disney),,"B0BZWHXJ6P (G4K Disney - 12oz Paper Bowls, 40ct - Frozen MIXED PACK)",[],True,False,True,True,Disposable Tabletop,110.0,B0BZWHXJ6P,2026-02-09,,,,,
In Stock,ACTIVE,0.37,212.0,6.24,34.0,92.0,5.0,0.0,True,,4.8,134.0,5.99,,,152.0,Glad for Kids (Disney),,"B0BZWHXJ6P (G4K Disney - 12oz Paper Bowls, 40ct - Frozen MIXED PACK)",[],True,False,True,True,Disposable Tabletop,140.0,B0BZWHXJ6P,2026-02-08,,,,,
In Stock,ACTIVE,0.138,78.0,5.99,13.0,94.0,5.0,0.0,True,,4.8,134.0,5.99,,,134.0,Glad for Kids (Disney),,"B0BZWHXJ6P (G4K Disney - 12oz Paper Bowls, 40ct - Frozen MIXED PACK)",[],True,False,True,True,Disposable Tabletop,163.0,B0BZWHXJ6P,2026-02-07,,,,,
In Stock,ACTIVE,0.15,72.0,5.99,12.0,80.0,5.0,0.0,True,,4.8,133.0,5.99,,,149.0,Glad for Kids (Disney),,"B0BZWHXJ6P (G4K Disney - 12oz Paper Bowls, 40ct - Frozen MIXED PACK)",[],True,False,True,True,Disposable Tabletop,168.0,B0BZWHXJ6P,2026-02-06,,,,,
In Stock,ACTIVE,0.229,133.0,6.02,22.0,96.0,5.0,0.0,True,,4.7,130.0,5.99,,,168.0,Glad for Kids (Disney),,"B0BZWHXJ6P (G4K Disney - 12oz Paper Bowls, 40ct - Frozen MIXED PACK)",[],True,False,True,True,Disposable Tabletop,190.0,B0BZWHXJ6P,2026-02-05,,,,,
In Stock,ACTIVE,0.223,148.0,6.42,23.0,103.0,5.0,0.0,True,,4.7,130.0,5.99,,,150.0,Glad for Kids (Disney),,"B0BZWHXJ6P (G4K Disney - 12oz Paper Bowls, 40ct - Frozen MIXED PACK)",[],True,False,True,True,Disposable Tabletop,202.0,B0BZWHXJ6P,2026-02-04,,,,,
In Stock,ACTIVE,0.147,102.0,5.99,17.0,116.0,5.0,0.0,True,,4.7,130.0,5.99,,,122.0,Glad for Kids (Disney),,"B0BZWHXJ6P (G4K Disney - 12oz Paper Bowls, 40ct - Frozen MIXED PACK)",[],True,False,True,True,Disposable Tabletop,217.0,B0BZWHXJ6P,2026-02-03,,,,,
In Stock,ACTIVE,0.162,97.0,6.04,16.0,99.0,5.0,0.0,True,,4.7,129.0,5.99,,,177.0,Glad for Kids (Disney),,"B0BZWHXJ6P (G4K Disney - 12oz Paper Bowls, 40ct - Frozen MIXED PACK)",[],True,False,True,True,Disposable Tabletop,240.0,B0BZWHXJ6P,2026-02-02,,,,,
In Stock,ACTIVE,0.182,157.0,6.04,26.0,143.0,15.0,0.0,True,,4.7,129.0,5.99,,,163.0,Glad for Kids (Disney),,"B0BZWHXJ6P (G4K Disney - 12oz Paper Bowls, 40ct - Frozen MIXED PACK)",[],True,False,True,True,Disposable Tabletop,253.0,B0BZWHXJ6P,2026-02-01,,,,,
In Stock,ACTIVE,0.132,84.0,5.99,14.0,106.0,5.0,0.0,True,,4.7,129.0,5.99,,,160.0,Glad for Kids (Disney),,"B0BZWHXJ6P (G4K Disney - 12oz Paper Bowls, 40ct - Frozen MIXED PACK)",[],True,False,True,True,Disposable Tabletop,259.0,B0BZWHXJ6P,2026-01-31,,,,,
In Stock,ACTIVE,0.182,72.0,5.99,12.0,66.0,5.0,0.0,True,,4.7,129.0,5.99,,,143.0,Glad for Kids (Disney),,"B0BZWHXJ6P (G4K Disney - 12oz Paper Bowls, 40ct - Frozen MIXED PACK)",[],True,False,True,True,Disposable Tabletop,261.0,B0BZWHXJ6P,2026-01-30,,,,,
In Stock,ACTIVE,0.192,90.0,5.99,15.0,78.0,5.0,0.0,True,,4.7,129.0,5.99,,,137.0,Glad for Kids (Disney),,"B0BZWHXJ6P (G4K Disney - 12oz Paper Bowls, 40ct - Frozen MIXED PACK)",[],True,False,True,True,Disposable Tabletop,270.0,B0BZWHXJ6P,2026-01-29,,,,,
In Stock,ACTIVE,0.129,73.0,6.06,12.0,93.0,5.0,0.0,True,,4.7,127.0,5.99,,,124.0,Glad for Kids (Disney),,"B0BZWHXJ6P (G4K Disney - 12oz Paper Bowls, 40ct - Frozen MIXED PACK)",[],True,False,True,True,Disposable Tabletop,293.0,B0BZWHXJ6P,2026-01-28,,,,,
In Stock,ACTIVE,0.151,84.0,5.99,14.0,93.0,5.0,0.0,True,,4.7,126.0,5.99,,,122.0,Glad for Kids (Disney),,"B0BZWHXJ6P (G4K Disney - 12oz Paper Bowls, 40ct - Frozen MIXED PACK)",[],True,False,True,True,Disposable Tabletop,268.0,B0BZWHXJ6P,2026-01-27,,,,,
In Stock,ACTIVE,0.175,105.0,5.84,18.0,103.0,5.0,0.0,True,,4.7,126.0,5.99,,,142.0,Glad for Kids (Disney),,"B0BZWHXJ6P (G4K Disney - 12oz Paper Bowls, 40ct - Frozen MIXED PACK)",[],True,False,True,True,Disposable Tabletop,256.0,B0BZWHXJ6P,2026-01-26,,,,,
In Stock,ACTIVE,0.12,120.0,5.99,20.0,166.0,5.0,0.0,True,,4.7,126.0,5.99,,,186.0,Glad for Kids (Disney),,"B0BZWHXJ6P (G4K Disney - 12oz Paper Bowls, 40ct - Frozen MIXED PACK)",[],True,False,True,True,Disposable Tabletop,257.0,B0BZWHXJ6P,2026-01-25,,,,,
In Stock,ACTIVE,0.24,54.0,8.92,6.0,25.0,5.0,0.0,True,,4.8,347.0,8.93,,,81.0,Glad for Kids (Disney),,"B0BZWHXJ6P (G4K Disney - 12oz Paper Bowls, 40ct - Frozen MIXED PACK)",[],True,False,True,True,Disposable Tabletop,310.0,B0BZWHXJ6P,2026-01-19,,,,,
In Stock,ACTIVE,1.125,78.0,8.67,9.0,8.0,5.0,0.0,True,,4.8,340.0,8.67,,,97.0,Glad for Kids (Disney),,"B0BZWHXJ6P (G4K Disney - 12oz Paper Bowls, 40ct - Frozen MIXED PACK)",[],True,False,True,True,Disposable Tabletop,79.0,B0BZWHXJ6P,2026-01-11,,,,,
In Stock,ACTIVE,0.046,77.0,8.52,9.0,196.0,6.0,0.0,True,,4.8,338.0,8.51,,,96.0,Glad for Kids (Disney),,"B0BZWHXJ6P (G4K Disney - 12oz Paper Bowls, 40ct - Frozen MIXED PACK)",[],True,False,True,True,Disposable Tabletop,25.0,B0BZWHXJ6P,2026-01-04,,,,,
In Stock,ACTIVE,0.368,60.0,8.53,7.0,19.0,6.0,0.0,True,,4.8,335.0,8.58,,,112.0,Glad for Kids (Disney),,"B0BZWHXJ6P (G4K Disney - 12oz Paper Bowls, 40ct - Frozen MIXED PACK)",[],True,False,True,True,Disposable Tabletop,30.0,B0BZWHXJ6P,2026-01-01,,,,,
In Stock,ACTIVE,0.333,42.0,10.49,4.0,12.0,6.0,0.0,True,,4.8,334.0,8.58,,,117.0,Glad for Kids (Disney),,"B0BZWHXJ6P (G4K Disney - 12oz Paper Bowls, 40ct - Frozen MIXED PACK)",[],True,False,True,True,Disposable Tabletop,34.0,B0BZWHXJ6P,2025-12-30,,,,,
In Stock,ACTIVE,1.0,35.0,8.63,4.0,4.0,6.0,0.0,True,,4.8,331.0,8.57,,,134.0,Glad for Kids (Disney),,"B0BZWHXJ6P (G4K Disney - 12oz Paper Bowls, 40ct - Frozen MIXED PACK)",[],True,False,True,False,Disposable Tabletop,40.0,B0BZWHXJ6P,2025-12-21,,,,,
In Stock,ACTIVE,0.045,34.0,8.56,4.0,88.0,6.0,0.0,True,,4.8,331.0,8.57,,,131.0,Glad for Kids (Disney),,"B0BZWHXJ6P (G4K Disney - 12oz Paper Bowls, 40ct - Frozen MIXED PACK)",[],True,False,True,False,Disposable Tabletop,42.0,B0BZWHXJ6P,2025-12-20,,,,,
In Stock,ACTIVE,0.119,60.0,8.57,7.0,59.0,6.0,0.0,True,,4.8,331.0,8.57,,,150.0,Glad for Kids (Disney),,"B0BZWHXJ6P (G4K Disney - 12oz Paper Bowls, 40ct - Frozen MIXED PACK)",[],True,False,True,False,Disposable Tabletop,43.0,B0BZWHXJ6P,2025-12-19,,,,,
In Stock,ACTIVE,0.066,43.0,8.57,5.0,76.0,6.0,0.0,True,,4.8,331.0,8.59,,,131.0,Glad for Kids (Disney),,"B0BZWHXJ6P (G4K Disney - 12oz Paper Bowls, 40ct - Frozen MIXED PACK)",[],True,False,True,False,Disposable Tabletop,50.0,B0BZWHXJ6P,2025-12-18,,,,,
In Stock,ACTIVE,0.07400000000000001,61.0,8.69,7.0,95.0,6.0,0.0,True,,4.8,331.0,8.64,,,116.0,Glad for Kids (Disney),,"B0BZWHXJ6P (G4K Disney - 12oz Paper Bowls, 40ct - Frozen MIXED PACK)",[],True,False,True,False,Disposable Tabletop,56.0,B0BZWHXJ6P,2025-12-17,,,,,
In Stock,ACTIVE,0.058,43.0,8.65,5.0,86.0,6.0,0.0,True,,4.8,331.0,8.65,,,111.0,Glad for Kids (Disney),,"B0BZWHXJ6P (G4K Disney - 12oz Paper Bowls, 40ct - Frozen MIXED PACK)",[],True,False,True,False,Disposable Tabletop,65.0,B0BZWHXJ6P,2025-12-16,,,,,
In Stock,ACTIVE,0.126,100.0,8.33,12.0,95.0,6.0,0.0,True,,4.8,331.0,8.26,,,113.0,Glad for Kids (Disney),,"B0BZWHXJ6P (G4K Disney - 12oz Paper Bowls, 40ct - Frozen MIXED PACK)",[],True,False,True,False,Disposable Tabletop,71.0,B0BZWHXJ6P,2025-12-15,,,,,
In Stock,ACTIVE,0.115,99.0,8.26,12.0,104.0,6.0,0.0,True,,4.8,330.0,8.26,,,111.0,Glad for Kids (Disney),,"B0BZWHXJ6P (G4K Disney - 12oz Paper Bowls, 40ct - Frozen MIXED PACK)",[],True,False,True,False,Disposable Tabletop,75.0,B0BZWHXJ6P,2025-12-14,,,,,
In Stock,ACTIVE,0.08900000000000001,66.0,8.28,8.0,90.0,6.0,0.0,True,,4.8,330.0,8.27,,,107.0,Glad for Kids (Disney),,"B0BZWHXJ6P (G4K Disney - 12oz Paper Bowls, 40ct - Frozen MIXED PACK)",[],True,False,True,False,Disposable Tabletop,81.0,B0BZWHXJ6P,2025-12-13,,,,,
In Stock,ACTIVE,0.179,116.0,8.27,14.0,78.0,6.0,0.0,True,,4.8,329.0,8.27,,,111.0,Glad for Kids (Disney),,"B0BZWHXJ6P (G4K Disney - 12oz Paper Bowls, 40ct - Frozen MIXED PACK)",[],True,False,True,False,Disposable Tabletop,84.0,B0BZWHXJ6P,2025-12-12,,,,,
In Stock,ACTIVE,0.134,92.0,8.33,11.0,82.0,6.0,0.0,True,,4.8,329.0,8.33,,,102.0,Glad for Kids (Disney),,"B0BZWHXJ6P (G4K Disney - 12oz Paper Bowls, 40ct - Frozen MIXED PACK)",[],True,False,True,False,Disposable Tabletop,85.0,B0BZWHXJ6P,2025-12-11,,,,,
In Stock,ACTIVE,0.157,109.0,8.35,13.0,83.0,6.0,0.0,True,,4.8,329.0,8.35,,,107.0,Glad for Kids (Disney),,"B0BZWHXJ6P (G4K Disney - 12oz Paper Bowls, 40ct - Frozen MIXED PACK)",[],True,False,True,False,Disposable Tabletop,111.0,B0BZWHXJ6P,2025-12-10,,,,,
In Stock,ACTIVE,0.149,125.0,8.35,15.0,101.0,6.0,0.0,True,,4.8,329.0,8.36,,,88.0,Glad for Kids (Disney),,"B0BZWHXJ6P (G4K Disney - 12oz Paper Bowls, 40ct - Frozen MIXED PACK)",[],True,False,True,False,Disposable Tabletop,99.0,B0BZWHXJ6P,2025-12-09,,,,,
In Stock,ACTIVE,0.109,100.0,8.34,12.0,110.0,6.0,0.0,True,,4.8,329.0,8.36,,,87.0,Glad for Kids (Disney),,"B0BZWHXJ6P (G4K Disney - 12oz Paper Bowls, 40ct - Frozen MIXED PACK)",[],True,False,True,False,Disposable Tabletop,93.0,B0BZWHXJ6P,2025-12-08,,,,,
In Stock,ACTIVE,0.09,108.0,8.35,13.0,144.0,6.0,0.0,True,,4.8,329.0,8.36,,,96.0,Glad for Kids (Disney),,"B0BZWHXJ6P (G4K Disney - 12oz Paper Bowls, 40ct - Frozen MIXED PACK)",[],True,False,True,False,Disposable Tabletop,112.0,B0BZWHXJ6P,2025-12-07,,,,,
In Stock,ACTIVE,0.106,109.0,8.36,13.0,123.0,6.0,0.0,True,,4.8,329.0,8.32,,,97.0,Glad for Kids (Disney),,"B0BZWHXJ6P (G4K Disney - 12oz Paper Bowls, 40ct - Frozen MIXED PACK)",[],True,False,True,False,Disposable Tabletop,118.0,B0BZWHXJ6P,2025-12-06,,,,,
In Stock,ACTIVE,0.105,91.0,8.31,11.0,105.0,6.0,0.0,True,,4.8,329.0,8.32,,,88.0,Glad for Kids (Disney),,"B0BZWHXJ6P (G4K Disney - 12oz Paper Bowls, 40ct - Frozen MIXED PACK)",[],True,False,True,True,Disposable Tabletop,127.0,B0BZWHXJ6P,2025-12-05,,,,,
In Stock,ACTIVE,0.083,67.0,8.33,8.0,96.0,6.0,0.0,True,,4.8,325.0,8.33,,,94.0,Glad for Kids (Disney),,"B0BZWHXJ6P (G4K Disney - 12oz Paper Bowls, 40ct - Frozen MIXED PACK)",[],True,False,True,True,Disposable Tabletop,133.0,B0BZWHXJ6P,2025-12-04,,,,,
In Stock,ACTIVE,0.132,150.0,8.31,18.0,136.0,6.0,0.0,True,,4.8,325.0,8.3,,,78.0,Glad for Kids (Disney),,"B0BZWHXJ6P (G4K Disney - 12oz Paper Bowls, 40ct - Frozen MIXED PACK)",[],True,False,True,True,Disposable Tabletop,139.0,B0BZWHXJ6P,2025-12-03,,,,,
In Stock,ACTIVE,0.09699999999999999,74.0,8.27,9.0,93.0,6.0,0.0,True,,4.8,325.0,8.27,,,83.0,Glad for Kids (Disney),,"B0BZWHXJ6P (G4K Disney - 12oz Paper Bowls, 40ct - Frozen MIXED PACK)",[],True,False,True,True,Disposable Tabletop,147.0,B0BZWHXJ6P,2025-12-02,,,,,
In Stock,ACTIVE,0.18,182.0,8.28,22.0,122.0,6.0,0.0,True,,4.8,324.0,8.27,,,100.0,Glad for Kids (Disney),,"B0BZWHXJ6P (G4K Disney - 12oz Paper Bowls, 40ct - Frozen MIXED PACK)",[],True,False,True,True,Disposable Tabletop,162.0,B0BZWHXJ6P,2025-12-01,,,,,
In Stock,ACTIVE,0.114,156.0,8.2,19.0,167.0,6.0,0.0,True,,4.8,323.0,8.22,,,74.0,Glad for Kids (Disney),,"B0BZWHXJ6P (G4K Disney - 12oz Paper Bowls, 40ct - Frozen MIXED PACK)",[],True,False,True,True,Disposable Tabletop,159.0,B0BZWHXJ6P,2025-11-30,,,,,
In Stock,ACTIVE,0.09300000000000001,66.0,8.21,8.0,86.0,6.0,0.0,True,,4.8,323.0,8.21,,,105.0,Glad for Kids (Disney),,"B0BZWHXJ6P (G4K Disney - 12oz Paper Bowls, 40ct - Frozen MIXED PACK)",[],True,False,True,True,Disposable Tabletop,174.0,B0BZWHXJ6P,2025-11-29,,,,,
In Stock,ACTIVE,0.205,196.0,8.18,24.0,117.0,6.0,0.0,True,,4.8,322.0,8.16,,,110.0,Glad for Kids (Disney),,"B0BZWHXJ6P (G4K Disney - 12oz Paper Bowls, 40ct - Frozen MIXED PACK)",[],True,False,True,True,Disposable Tabletop,172.0,B0BZWHXJ6P,2025-11-28,,,,,
In Stock,ACTIVE,0.148,73.0,8.16,9.0,61.0,6.0,0.0,True,,4.8,322.0,8.16,,,116.0,Glad for Kids (Disney),,"B0BZWHXJ6P (G4K Disney - 12oz Paper Bowls, 40ct - Frozen MIXED PACK)",[],True,False,True,True,Disposable Tabletop,214.0,B0BZWHXJ6P,2025-11-27,,,,,
In Stock,ACTIVE,0.171,106.0,8.15,13.0,76.0,6.0,0.0,True,,4.8,321.0,8.16,,,116.0,Glad for Kids (Disney),,"B0BZWHXJ6P (G4K Disney - 12oz Paper Bowls, 40ct - Frozen MIXED PACK)",[],True,False,True,True,Disposable Tabletop,216.0,B0BZWHXJ6P,2025-11-26,,,,,
