projects/amazon-trend-analyzer/qb_chunks/page_441_skip441000.csv
ASIN Buyability Flag,asin_status,CVR%,revenue,asp,units,gv,Images #,Videos #,Has A+ Content,Buybox Winner,Average Rating,Number of Ratings,bb_price,Ad CTR%,Ad CVR%,bsr,brand,Ad CPC$,ASIN (Description),Update Type,Sold By Amazon,Has Coupon?,Has Store Link?,In Stock Today?,category,Sellable On Hand Units,asin,date,Ad Cost,Ad Sales,Ad Clicks,Ad Impressions,Ad Conversions
In Stock,FD,0.13,56.0,8.01,7.0,54.0,5.0,0.0,True,,4.8,85.0,7.91,,,214.0,Glad for Kids (Disney),,B0BZWJGVWB (Glad Kids - 12oz Paper Bowls 40ct - Disney - Minnie Pink),[],True,False,True,True,Disposable Tabletop,511.0,B0BZWJGVWB,2026-03-24,,,,,
In Stock,FD,0.14,47.0,7.88,6.0,43.0,5.0,0.0,True,,4.8,85.0,7.88,,,254.0,Glad for Kids (Disney),,B0BZWJGVWB (Glad Kids - 12oz Paper Bowls 40ct - Disney - Minnie Pink),[],True,False,True,True,Disposable Tabletop,484.0,B0BZWJGVWB,2026-03-23,,,,,
In Stock,FD,0.268,87.0,7.87,11.0,41.0,5.0,0.0,True,,4.8,85.0,7.88,,,217.0,Glad for Kids (Disney),,B0BZWJGVWB (Glad Kids - 12oz Paper Bowls 40ct - Disney - Minnie Pink),[],True,False,True,True,Disposable Tabletop,491.0,B0BZWJGVWB,2026-03-22,,,,,
In Stock,FD,0.075,24.0,7.9,3.0,40.0,5.0,0.0,True,,4.8,85.0,7.9,,,208.0,Glad for Kids (Disney),,B0BZWJGVWB (Glad Kids - 12oz Paper Bowls 40ct - Disney - Minnie Pink),[],True,False,True,True,Disposable Tabletop,498.0,B0BZWJGVWB,2026-03-21,,,,,
In Stock,FD,0.176,48.0,7.92,6.0,34.0,5.0,0.0,True,,4.8,85.0,7.92,,,196.0,Glad for Kids (Disney),,B0BZWJGVWB (Glad Kids - 12oz Paper Bowls 40ct - Disney - Minnie Pink),[],True,False,True,True,Disposable Tabletop,508.0,B0BZWJGVWB,2026-03-20,,,,,
In Stock,FD,0.191,70.0,7.75,9.0,47.0,5.0,0.0,True,,4.8,85.0,7.75,,,271.0,Glad for Kids (Disney),,B0BZWJGVWB (Glad Kids - 12oz Paper Bowls 40ct - Disney - Minnie Pink),[],True,False,True,True,Disposable Tabletop,521.0,B0BZWJGVWB,2026-03-19,,,,,
In Stock,FD,0.236,132.0,7.74,17.0,72.0,5.0,0.0,True,,4.8,85.0,7.74,,,234.0,Glad for Kids (Disney),,B0BZWJGVWB (Glad Kids - 12oz Paper Bowls 40ct - Disney - Minnie Pink),[],True,False,True,True,Disposable Tabletop,533.0,B0BZWJGVWB,2026-03-18,,,,,
In Stock,FD,0.085,40.0,7.91,5.0,59.0,5.0,0.0,True,,4.8,86.0,7.77,,,198.0,Glad for Kids (Disney),,B0BZWJGVWB (Glad Kids - 12oz Paper Bowls 40ct - Disney - Minnie Pink),[],True,False,True,True,Disposable Tabletop,534.0,B0BZWJGVWB,2026-03-17,,,,,
In Stock,FD,0.09,47.0,7.77,6.0,67.0,5.0,0.0,True,,4.8,86.0,7.77,,,214.0,Glad for Kids (Disney),,B0BZWJGVWB (Glad Kids - 12oz Paper Bowls 40ct - Disney - Minnie Pink),[],True,False,True,True,Disposable Tabletop,522.0,B0BZWJGVWB,2026-03-16,,,,,
In Stock,FD,0.172,78.0,7.76,10.0,58.0,5.0,0.0,True,,4.8,85.0,7.76,,,236.0,Glad for Kids (Disney),,B0BZWJGVWB (Glad Kids - 12oz Paper Bowls 40ct - Disney - Minnie Pink),[],True,False,True,True,Disposable Tabletop,519.0,B0BZWJGVWB,2026-03-15,,,,,
In Stock,FD,0.212,85.0,7.76,11.0,52.0,5.0,0.0,True,,4.8,83.0,7.75,,,242.0,Glad for Kids (Disney),,B0BZWJGVWB (Glad Kids - 12oz Paper Bowls 40ct - Disney - Minnie Pink),[],True,False,True,True,Disposable Tabletop,536.0,B0BZWJGVWB,2026-03-14,,,,,
In Stock,FD,0.182,62.0,7.75,8.0,44.0,5.0,0.0,True,,4.8,83.0,7.72,,,232.0,Glad for Kids (Disney),,B0BZWJGVWB (Glad Kids - 12oz Paper Bowls 40ct - Disney - Minnie Pink),[],True,False,True,True,Disposable Tabletop,523.0,B0BZWJGVWB,2026-03-13,,,,,
In Stock,FD,0.191,70.0,7.73,9.0,47.0,5.0,0.0,True,,4.8,83.0,7.73,,,248.0,Glad for Kids (Disney),,B0BZWJGVWB (Glad Kids - 12oz Paper Bowls 40ct - Disney - Minnie Pink),[],True,False,True,True,Disposable Tabletop,524.0,B0BZWJGVWB,2026-03-12,,,,,
In Stock,FD,0.155,70.0,7.73,9.0,58.0,5.0,0.0,True,,4.8,82.0,7.74,,,202.0,Glad for Kids (Disney),,B0BZWJGVWB (Glad Kids - 12oz Paper Bowls 40ct - Disney - Minnie Pink),[],True,False,True,True,Disposable Tabletop,539.0,B0BZWJGVWB,2026-03-11,,,,,
In Stock,FD,0.095,47.0,7.82,6.0,63.0,5.0,0.0,True,,4.8,82.0,7.99,,,219.0,Glad for Kids (Disney),,B0BZWJGVWB (Glad Kids - 12oz Paper Bowls 40ct - Disney - Minnie Pink),[],True,False,True,True,Disposable Tabletop,545.0,B0BZWJGVWB,2026-03-10,,,,,
In Stock,FD,0.172,88.0,7.99,11.0,64.0,5.0,0.0,True,,4.8,82.0,7.99,,,220.0,Glad for Kids (Disney),,B0BZWJGVWB (Glad Kids - 12oz Paper Bowls 40ct - Disney - Minnie Pink),[],True,False,True,True,Disposable Tabletop,544.0,B0BZWJGVWB,2026-03-09,,,,,
In Stock,FD,0.149,56.0,7.99,7.0,47.0,5.0,0.0,True,,4.8,82.0,7.77,,,267.0,Glad for Kids (Disney),,B0BZWJGVWB (Glad Kids - 12oz Paper Bowls 40ct - Disney - Minnie Pink),[],True,False,True,True,Disposable Tabletop,561.0,B0BZWJGVWB,2026-03-08,,,,,
In Stock,FD,0.138,62.0,7.77,8.0,58.0,5.0,0.0,True,,4.8,82.0,7.77,,,248.0,Glad for Kids (Disney),,B0BZWJGVWB (Glad Kids - 12oz Paper Bowls 40ct - Disney - Minnie Pink),[],True,False,True,True,Disposable Tabletop,564.0,B0BZWJGVWB,2026-03-07,,,,,
In Stock,FD,0.138,62.0,7.79,8.0,58.0,5.0,0.0,True,,4.8,82.0,7.97,,,242.0,Glad for Kids (Disney),,B0BZWJGVWB (Glad Kids - 12oz Paper Bowls 40ct - Disney - Minnie Pink),[],True,False,True,True,Disposable Tabletop,537.0,B0BZWJGVWB,2026-03-06,,,,,
In Stock,FD,0.119,40.0,7.93,5.0,42.0,5.0,0.0,True,,4.8,82.0,7.99,,,232.0,Glad for Kids (Disney),,B0BZWJGVWB (Glad Kids - 12oz Paper Bowls 40ct - Disney - Minnie Pink),[],True,False,True,True,Disposable Tabletop,604.0,B0BZWJGVWB,2026-03-05,,,,,
In Stock,FD,0.138,72.0,7.99,9.0,65.0,5.0,0.0,True,,4.8,82.0,7.99,,,186.0,Glad for Kids (Disney),,B0BZWJGVWB (Glad Kids - 12oz Paper Bowls 40ct - Disney - Minnie Pink),[],True,False,True,True,Disposable Tabletop,533.0,B0BZWJGVWB,2026-03-04,,,,,
In Stock,FD,0.083,40.0,7.99,5.0,60.0,5.0,0.0,True,,4.8,82.0,7.99,,,224.0,Glad for Kids (Disney),,B0BZWJGVWB (Glad Kids - 12oz Paper Bowls 40ct - Disney - Minnie Pink),[],True,False,True,True,Disposable Tabletop,529.0,B0BZWJGVWB,2026-03-03,,,,,
In Stock,FD,0.208,129.0,8.06,16.0,77.0,5.0,0.0,True,,4.7,81.0,7.99,,,219.0,Glad for Kids (Disney),,B0BZWJGVWB (Glad Kids - 12oz Paper Bowls 40ct - Disney - Minnie Pink),[],True,False,True,True,Disposable Tabletop,531.0,B0BZWJGVWB,2026-03-02,,,,,
In Stock,FD,0.101,65.0,8.11,8.0,79.0,5.0,0.0,True,,4.7,81.0,7.99,,,226.0,Glad for Kids (Disney),,B0BZWJGVWB (Glad Kids - 12oz Paper Bowls 40ct - Disney - Minnie Pink),[],True,False,True,True,Disposable Tabletop,526.0,B0BZWJGVWB,2026-03-01,,,,,
In Stock,FD,0.148,73.0,8.09,9.0,61.0,5.0,0.0,True,,4.7,81.0,7.99,,,196.0,Glad for Kids (Disney),,B0BZWJGVWB (Glad Kids - 12oz Paper Bowls 40ct - Disney - Minnie Pink),[],True,False,True,True,Disposable Tabletop,532.0,B0BZWJGVWB,2026-02-28,,,,,
In Stock,FD,0.106,40.0,7.99,5.0,47.0,5.0,0.0,True,,4.7,81.0,7.99,,,236.0,Glad for Kids (Disney),,B0BZWJGVWB (Glad Kids - 12oz Paper Bowls 40ct - Disney - Minnie Pink),[],True,False,True,True,Disposable Tabletop,549.0,B0BZWJGVWB,2026-02-27,,,,,
